// Jest Snapshot v1, https://goo.gl/fbAQLP

exports[`PLCancelBtn should match the snapshot 1`] = `
<v-btn-stub
  activeclass=""
  tag="button"
  text="true"
  type="button"
>
  Cancel
</v-btn-stub>
`;
