// Jest Snapshot v1, https://goo.gl/fbAQLP

exports[`PLTextField should match the snapshot 1`] = `
<v-text-field-stub
  backgroundcolor=""
  clearicon="$clear"
  errorcount="1"
  errormessages=""
  hidedetails="auto"
  loaderheight="2"
  messages=""
  outlined="true"
  rules=""
  successmessages=""
  type="text"
/>
`;
