// Jest Snapshot v1, https://goo.gl/fbAQLP

exports[`PLDoneBtn should match the snapshot 1`] = `
<v-btn-stub
  activeclass=""
  tag="button"
  text="true"
  type="submit"
>
  Done
</v-btn-stub>
`;
