// Jest Snapshot v1, https://goo.gl/fbAQLP

exports[`PLListCard should match the snapshot 1`] = `
<v-card-stub
  loaderheight="4"
  tag="div"
>
  <v-card-text-stub
    class="text-center"
  >
    No data available
  </v-card-text-stub>
</v-card-stub>
`;
