// Jest Snapshot v1, https://goo.gl/fbAQLP

exports[`PLMaxWidth should match the snapshot 1`] = `
<div
  class="mx-auto"
  style="max-width: 960px;"
/>
`;
