// Jest Snapshot v1, https://goo.gl/fbAQLP

exports[`PLTextareaForm should match the snapshot 1`] = `
<v-form-stub>
  <v-card-stub
    loaderheight="4"
    tag="div"
  >
    <v-card-title-stub>
      Title
    </v-card-title-stub>
    <v-card-text-stub>
      <pl-textarea-stub
        autofocus="autofocus"
      />
    </v-card-text-stub>
    <v-card-actions-stub>
      <v-spacer-stub />
      <pl-cancel-btn-stub />
      <pl-done-btn-stub />
    </v-card-actions-stub>
  </v-card-stub>
</v-form-stub>
`;
