// Jest Snapshot v1, https://goo.gl/fbAQLP

exports[`PLEditIconBtn should match the snapshot 1`] = `
<v-btn-stub
  activeclass=""
  icon="true"
  tag="button"
  type="button"
>
  <v-icon-stub>
    mdi-pencil
  </v-icon-stub>
</v-btn-stub>
`;
